To honour the JVM settings for this build a single-use Daemon process will be forked. For more on this, please refer to https://docs.gradle.org/8.14/userguide/gradle_daemon.html#sec:disabling_the_daemon in the Gradle documentation.
Daemon will be stopped at the end of the build 
Warning: SDK processing. This version only understands SDK XML versions up to 3 but an SDK XML file of version 4 was encountered. This can happen if you use versions of Android Studio and the command-line tools that were released at different times.
> Task :app:preBuild UP-TO-DATE
> Task :app:preDevcloudDebugBuild UP-TO-DATE
> Task :app:mergeDevcloudDebugNativeDebugMetadata NO-SOURCE
> Task :app:checkKotlinGradlePluginConfigurationErrors SKIPPED
> Task :app:generateDevcloudDebugBuildConfig UP-TO-DATE
> Task :app:checkDevcloudDebugAarMetadata UP-TO-DATE
> Task :app:processDevcloudDebugNavigationResources UP-TO-DATE
> Task :app:compileDevcloudDebugNavigationResources UP-TO-DATE
> Task :app:generateDevcloudDebugResValues UP-TO-DATE
> Task :app:mapDevcloudDebugSourceSetPaths UP-TO-DATE
> Task :app:generateDevcloudDebugResources UP-TO-DATE
> Task :app:mergeDevcloudDebugResources UP-TO-DATE
> Task :app:packageDevcloudDebugResources UP-TO-DATE
> Task :app:parseDevcloudDebugLocalResources UP-TO-DATE
> Task :app:createDevcloudDebugCompatibleScreenManifests UP-TO-DATE
> Task :app:extractDeepLinksDevcloudDebug UP-TO-DATE
> Task :app:processDevcloudDebugMainManifest UP-TO-DATE
> Task :app:processDevcloudDebugManifest UP-TO-DATE
> Task :app:processDevcloudDebugManifestForPackage UP-TO-DATE
> Task :app:processDevcloudDebugResources UP-TO-DATE
> Task :app:kspDevcloudDebugKotlin UP-TO-DATE
> Task :app:compileDevcloudDebugKotlin UP-TO-DATE
> Task :app:javaPreCompileDevcloudDebug UP-TO-DATE
> Task :app:compileDevcloudDebugJavaWithJavac UP-TO-DATE
> Task :app:mergeDevcloudDebugShaders UP-TO-DATE
> Task :app:compileDevcloudDebugShaders NO-SOURCE
> Task :app:generateDevcloudDebugAssets UP-TO-DATE
> Task :app:mergeDevcloudDebugAssets UP-TO-DATE
> Task :app:compressDevcloudDebugAssets UP-TO-DATE
> Task :app:desugarDevcloudDebugFileDependencies UP-TO-DATE
> Task :app:dexBuilderDevcloudDebug UP-TO-DATE
> Task :app:mergeDevcloudDebugGlobalSynthetics UP-TO-DATE
> Task :app:processDevcloudDebugJavaRes UP-TO-DATE
> Task :app:mergeDevcloudDebugJavaResource UP-TO-DATE
> Task :app:checkDevcloudDebugDuplicateClasses UP-TO-DATE
> Task :app:mergeExtDexDevcloudDebug UP-TO-DATE
> Task :app:mergeLibDexDevcloudDebug UP-TO-DATE
> Task :app:mergeProjectDexDevcloudDebug UP-TO-DATE
> Task :app:mergeDevcloudDebugJniLibFolders UP-TO-DATE
> Task :app:mergeDevcloudDebugNativeLibs UP-TO-DATE
> Task :app:stripDevcloudDebugDebugSymbols UP-TO-DATE
> Task :app:validateSigningDevcloudDebug UP-TO-DATE
> Task :app:writeDevcloudDebugAppMetadata UP-TO-DATE
> Task :app:writeDevcloudDebugSigningConfigVersions UP-TO-DATE
> Task :app:packageDevcloudDebug UP-TO-DATE
> Task :app:createDevcloudDebugApkListingFileRedirect UP-TO-DATE
> Task :app:assembleDevcloudDebug UP-TO-DATE

BUILD SUCCESSFUL in 10s
40 actionable tasks: 40 up-to-date
